[36mvite v5.4.21 [32mbuilding for production...[36m[39m
transforming...
[32m✓[39m 126 modules transformed.

[31mx[39m Build failed in 1.75s
[31merror during build:
[31m[vite-plugin-pwa:build] There was an error during the build:
  src/pages/admin/AdminSystemHealth.jsx (3:26): "cleanupMatchImages" is not exported by "src/lib/adminApi.js", imported by "src/pages/admin/AdminSystemHealth.jsx".
Additionally, handling the error in the 'buildEnd' hook caused the following error:
  src/pages/admin/AdminSystemHealth.jsx (3:26): "cleanupMatchImages" is not exported by "src/lib/adminApi.js", imported by "src/pages/admin/AdminSystemHealth.jsx".[31m
file: [36mC:/Users/WASEEM/Desktop/Projects/mewat-play-chips/frontend/src/pages/admin/AdminSystemHealth.jsx:3:26[31m
[33m
1: import { useEffect, useState } from "react";
2: import { useAuth } from "../../contexts/AuthContext.jsx";
3: import { getSystemHealth, cleanupMatchImages, cleanupKycImages, cleanupDeposits, cleanupWithdrawals } from "../../lib...
                             ^
4: import Loading from "../../components/Loading.jsx";
[31m
    at getRollupError (file:///C:/Users/WASEEM/Desktop/Projects/mewat-play-chips/frontend/node_modules/rollup/dist/es/shared/parseAst.js:317:41)
    at file:///C:/Users/WASEEM/Desktop/Projects/mewat-play-chips/frontend/node_modules/rollup/dist/es/shared/node-entry.js:23685:39
    at async catchUnfinishedHookActions (file:///C:/Users/WASEEM/Desktop/Projects/mewat-play-chips/frontend/node_modules/rollup/dist/es/shared/node-entry.js:23141:16)
    at async rollupInternal (file:///C:/Users/WASEEM/Desktop/Projects/mewat-play-chips/frontend/node_modules/rollup/dist/es/shared/node-entry.js:23668:5)
    at async build (file:///C:/Users/WASEEM/Desktop/Projects/mewat-play-chips/frontend/node_modules/vite/dist/node/chunks/dep-BK3b2jBa.js:65709:14)
    at async CAC.<anonymous> (file:///C:/Users/WASEEM/Desktop/Projects/mewat-play-chips/frontend/node_modules/vite/dist/node/cli.js:829:5)[39m
